{"timestamp": "2025-12-27T14:39:38.786858Z", "event_type": "encryption_completed", "severity": "info", "pid": 47, "user": "unknown", "details": {"input_file": "/tmp/tmpws9jpdxu/cli_test.txt", "output_file": "/tmp/tmpws9jpdxu/cli_encrypted.bin", "algorithm": "fernet", "service": "cli"}}
{"timestamp": "2025-12-27T14:41:00.584043Z", "event_type": "decryption_completed", "severity": "info", "pid": 47, "user": "unknown", "details": {"input_file": "/tmp/tmpws9jpdxu/cli_encrypted.bin", "output_file": "/tmp/tmpws9jpdxu/cli_decrypted.txt", "service": "cli"}}
{"timestamp": "2025-12-27T14:41:01.873868Z", "event_type": "encryption_completed", "severity": "info", "pid": 47, "user": "unknown", "details": {"input_file": "/tmp/tmpohqa69zv/cli_test.txt", "output_file": "/tmp/tmpohqa69zv/global_rounds.bin", "algorithm": "fernet", "service": "cli"}}
{"timestamp": "2025-12-27T14:41:04.143638Z", "event_type": "encryption_completed", "severity": "info", "pid": 47, "user": "unknown", "details": {"input_file": "/tmp/tmp4v4l8dp5/cli_test.txt", "output_file": "/tmp/tmp4v4l8dp5/implicit_rounds.bin", "algorithm": "fernet", "service": "cli"}}
{"timestamp": "2025-12-27T14:41:05.605691Z", "event_type": "encryption_completed", "severity": "info", "pid": 47, "user": "unknown", "details": {"input_file": "/tmp/tmp9ngyp4dy/cli_test.txt", "output_file": "/tmp/tmp9ngyp4dy/override_rounds.bin", "algorithm": "fernet", "service": "cli"}}
{"timestamp": "2025-12-27T15:05:25.044759Z", "event_type": "plugin_loaded", "severity": "info", "pid": 47, "user": "unknown", "details": {"plugin_id": "simple_test", "plugin_type": "pre_processor", "file_path": "/tmp/tmpbile9fdn/plugins/simple_test.py", "capabilities": ["read_files"]}}
{"timestamp": "2025-12-27T15:05:25.046072Z", "event_type": "plugin_loaded", "severity": "info", "pid": 47, "user": "unknown", "details": {"plugin_id": "simple_test", "plugin_type": "pre_processor", "file_path": "/tmp/tmpmo6tolu8/plugins/simple_test.py", "capabilities": ["read_files"]}}
{"timestamp": "2025-12-27T15:05:25.046177Z", "event_type": "security_context_validation_failed", "severity": "warning", "pid": 47, "user": "unknown", "details": {"plugin_id": "simple_test", "reason": "invalid_security_context"}}
{"timestamp": "2025-12-27T15:05:25.052891Z", "event_type": "plugin_loaded", "severity": "info", "pid": 47, "user": "unknown", "details": {"plugin_id": "simple_test", "plugin_type": "pre_processor", "file_path": "/tmp/tmppwrsnywo/plugins/simple_test.py", "capabilities": ["read_files"]}}
{"timestamp": "2025-12-27T15:05:25.054781Z", "event_type": "plugin_loaded", "severity": "info", "pid": 47, "user": "unknown", "details": {"plugin_id": "simple_test", "plugin_type": "pre_processor", "file_path": "/tmp/tmpj_hyou87/plugins/simple_test.py", "capabilities": ["read_files"]}}
{"timestamp": "2025-12-27T16:55:53.465421Z", "event_type": "encryption_completed", "severity": "info", "pid": 47, "user": "unknown", "details": {"input_file": "/tmp/tmpr12zlxqp/cli_test.txt", "output_file": "/tmp/tmpr12zlxqp/debug_test_encrypted.bin", "algorithm": "fernet", "service": "cli"}}
{"timestamp": "2025-12-27T16:55:56.036910Z", "event_type": "decryption_completed", "severity": "info", "pid": 47, "user": "unknown", "details": {"input_file": "/tmp/tmpr12zlxqp/debug_test_encrypted.bin", "output_file": "/tmp/tmpr12zlxqp/debug_test_decrypted.txt", "service": "cli"}}
{"timestamp": "2025-12-27T16:57:17.152385Z", "event_type": "encryption_completed", "severity": "info", "pid": 47, "user": "unknown", "details": {"input_file": "/tmp/tmpiwbcu6c6/cli_test.txt", "output_file": "/tmp/tmpiwbcu6c6/cli_encrypted.bin", "algorithm": "fernet", "service": "cli"}}
{"timestamp": "2025-12-27T16:58:37.744105Z", "event_type": "decryption_completed", "severity": "info", "pid": 47, "user": "unknown", "details": {"input_file": "/tmp/tmpiwbcu6c6/cli_encrypted.bin", "output_file": "/tmp/tmpiwbcu6c6/cli_decrypted.txt", "service": "cli"}}
{"timestamp": "2025-12-27T16:58:39.054575Z", "event_type": "encryption_completed", "severity": "info", "pid": 47, "user": "unknown", "details": {"input_file": "/tmp/tmp10p33kry/cli_test.txt", "output_file": "/tmp/tmp10p33kry/global_rounds.bin", "algorithm": "fernet", "service": "cli"}}
{"timestamp": "2025-12-27T16:58:40.596980Z", "event_type": "encryption_completed", "severity": "info", "pid": 47, "user": "unknown", "details": {"input_file": "/tmp/tmpzgyxerwr/cli_test.txt", "output_file": "/tmp/tmpzgyxerwr/implicit_enable.bin", "algorithm": "fernet", "service": "cli"}}
{"timestamp": "2025-12-27T16:58:42.478591Z", "event_type": "encryption_completed", "severity": "info", "pid": 47, "user": "unknown", "details": {"input_file": "/tmp/tmpuis42kn2/cli_test.txt", "output_file": "/tmp/tmpuis42kn2/implicit_rounds.bin", "algorithm": "fernet", "service": "cli"}}
{"timestamp": "2025-12-27T16:58:43.968696Z", "event_type": "encryption_completed", "severity": "info", "pid": 47, "user": "unknown", "details": {"input_file": "/tmp/tmpeb_c8zxo/cli_test.txt", "output_file": "/tmp/tmpeb_c8zxo/override_rounds.bin", "algorithm": "fernet", "service": "cli"}}
{"timestamp": "2025-12-27T17:23:06.606117Z", "event_type": "plugin_loaded", "severity": "info", "pid": 47, "user": "unknown", "details": {"plugin_id": "simple_test", "plugin_type": "pre_processor", "file_path": "/tmp/tmp6c3f5191/plugins/simple_test.py", "capabilities": ["read_files"]}}
{"timestamp": "2025-12-27T17:23:06.607479Z", "event_type": "plugin_loaded", "severity": "info", "pid": 47, "user": "unknown", "details": {"plugin_id": "simple_test", "plugin_type": "pre_processor", "file_path": "/tmp/tmp5ygj7qi_/plugins/simple_test.py", "capabilities": ["read_files"]}}
{"timestamp": "2025-12-27T17:23:06.607598Z", "event_type": "security_context_validation_failed", "severity": "warning", "pid": 47, "user": "unknown", "details": {"plugin_id": "simple_test", "reason": "invalid_security_context"}}
{"timestamp": "2025-12-27T17:23:06.615088Z", "event_type": "plugin_loaded", "severity": "info", "pid": 47, "user": "unknown", "details": {"plugin_id": "simple_test", "plugin_type": "pre_processor", "file_path": "/tmp/tmp52ykwn4d/plugins/simple_test.py", "capabilities": ["read_files"]}}
{"timestamp": "2025-12-27T17:23:06.616437Z", "event_type": "plugin_loaded", "severity": "info", "pid": 47, "user": "unknown", "details": {"plugin_id": "simple_test", "plugin_type": "pre_processor", "file_path": "/tmp/tmpjmvvh2kv/plugins/simple_test.py", "capabilities": ["read_files"]}}
